<html>
<body>
<pre>
<h1>µVision Build Log</h1>
<h2>Tool Versions:</h2>
IDE-Version: µVision V5.24.2.0
Copyright (C) 2017 ARM Ltd and ARM Germany GmbH. All rights reserved.
License Information: a b, c, LIC=----
 
Tool Versions:
Toolchain:       MDK-Lite  Version: 5.24.1
Toolchain Path:  D:\Vi_Installed_Software\keil5\ARM\ARMCC\Bin
C Compiler:      Armcc.exe V5.06 update 5 (build 528)
Assembler:       Armasm.exe V5.06 update 5 (build 528)
Linker/Locator:  ArmLink.exe V5.06 update 5 (build 528)
Library Manager: ArmAr.exe V5.06 update 5 (build 528)
Hex Converter:   FromElf.exe V5.06 update 5 (build 528)
CPU DLL:         SARMCM3.DLL V5.24.1
Dialog DLL:      DARMCM1.DLL V1.18.0.0
Target DLL:      PEMicro\Pemicro_ArmCortexInterface.dll V1.11
Dialog DLL:      TARMCM1.DLL V1.13.0.0
 
<h2>Project:</h2>
D:\NCSTATE\ECE560\CourseWork\ESA-19\Projects\Project_1\Project_1_Base -FINAL-SUBMIT\I2C-Demo.uvprojx
Project File Date:  10/13/2019

<h2>Output:</h2>
*** Using Compiler 'V5.06 update 5 (build 528)', folder: 'D:\Vi_Installed_Software\keil5\ARM\ARMCC\Bin'
Rebuild target 'Target 1'
compiling delay.c...
compiling LEDs.c...
compiling i2c_p1.c...
Source\i2c_p1.c(96): warning:  #550-D: variable "dummy"  was set but never used
  	uint8_t dummy, num_bytes_read=0, is_last_read=0;
Source\i2c_p1.c(457): warning:  #1-D: last line of file ends without a newline
  }
Source\i2c_p1.c(172): warning:  #550-D: variable "dummy"  was set but never used
  	uint8_t dummy;
Source\i2c_p1.c: 3 warnings, 0 errors
compiling mma8451.c...
compiling main.c...
compiling timers.c...
assembling startup_MKL25Z4.s...
compiling RTCS.c...
compiling system_MKL25Z4.c...
linking...
Program Size: Code=4280 RO-data=224 RW-data=40 ZI-data=600  
".\Objects\I2C-Demo.axf" - 0 Error(s), 3 Warning(s).

<h2>Software Packages used:</h2>

Package Vendor: ARM
                http://www.keil.com/pack/ARM.CMSIS.5.6.0.pack
                ARM.CMSIS.5.6.0
                CMSIS (Cortex Microcontroller Software Interface Standard)
   * Component: CORE Version: 5.3.0

Package Vendor: Keil
                http://www.keil.com/pack/Keil.Kinetis_KLxx_DFP.1.13.0.pack
                Keil.Kinetis_KLxx_DFP.1.13.0
                NXP Kinetis KLxx Series Device Support and Examples
   * Component: Startup Version: 2.5.0

<h2>Collection of Component include folders:</h2>
  .\RTE\Device\MKL25Z128xxx4
  .\RTE\_Target_1
  D:\Vi_Installed_Software\keil5\ARM\PACK\ARM\CMSIS\5.6.0\CMSIS\Core\Include
  D:\Vi_Installed_Software\keil5\ARM\PACK\Keil\Kinetis_KLxx_DFP\1.13.0\Device\Include

<h2>Collection of Component Files used:</h2>

   * Component: Keil::Device:Startup:2.5.0
      Source file:   Device\Source\ARM\startup_MKL25Z4.s
      Source file:   Device\Source\system_MKL25Z4.c
      Include file:  Device\Source\system_MKL25Z4.h

   * Component: ARM::CMSIS:CORE:5.3.0
Build Time Elapsed:  00:00:06
</pre>
</body>
</html>
